2021-04-19T17:53:47.155221 16:53:47 5328.30274N 00214.59646W
2021-04-19T17:53:48.159748 16:53:48 5328.30274N 00214.59639W
